{
	"types": [
		{
			"name": "arch",
			"label": "Architecture",
			"values": [
				{
					"name": "x64",
					"label": "64 bit"
				},
				{
					"name": "x86",
					"label": "32 bit"
				}
			]
		},
		{
			"name": "gpu",
			"label": "GPU",
			"values": [
				{
					"name": "gtx970",
					"label": "Asus Geforce GTX 970"
				},
				{
					"name": "gtx980",
					"label": "MSI Geforce GTX 980"
				},
				{
					"name": "rx480",
					"label": "Sapphire Radeon RX 840 NITRO+"
				}
			]
		},
		{
			"name": "cpu",
			"label": "CPU",
			"values": [
				{
					"name": "i5",
					"label": "Intel 2.3 GHz i5"
				},
				{
					"name": "i7",
					"label": "Intel 2.2 GHz i7"
				},
				{
					"name": "x4",
					"label": "AMD 2.8 GHz Athlon X4"
				}
			]
		},
		{
			"name": "mouse",
			"label": "Mouse",
			"values": [
				{
					"name": "razor",
					"label": "Razord"
				},
				{
					"name": "logitech",
					"label": "Logitech"
				},
				{
					"name": "microsoft",
					"label": "Microsft"
				}
			]
		},
		{
			"name": "keyboard",
			"label": "Keyboard",
			"values": [
				{
					"name": "ltkb",
					"label": "Logitech"
				},
				{
					"name": "mskb",
					"label": "Microsoft"
				}
			]
		}
	],
	"children": [
		{
			"label": "Computer",
			"params": [
				{
					"name": "arch",
					"label": "Architecture",
					"type": "arch"
				},
				{
					"name": "cpu",
					"label": "CPU",
					"type": "cpu"
				},
				{
					"name": "gpu",
					"label": "GPU",
					"type": "gpu"
				},
				{
					"name": "ram",
					"label": "RAM",
					"type": "IntTy"
				},
				{
					"name": "engraving",
					"label": "Engraving",
					"type": "TextTy"
				},
				{
					"name": "ghz",
					"label": "GHz",
					"type": "DoubleTy"
				},
				{
					"label": "Peripherals",
					"children": [
						{
							"name": "keyboard",
							"label": "Keyboard",
							"type": "keyboard"
						},
						{
							"name": "mouse",
							"label": "Mouse",
							"type": "mouse"
						}
					]
				},
				{
					"name": "deliver",
					"label": "Deliver",
					"type": "BoolTy"
				}
			],
			"constraints": [
				{
					"label": "Ram must be positive",
					"param": "ram",
					"expr": "(callFun(\"value\", getPrimParam(\"ram\", \"IntTy\")) > 0.0)"
				},
				{
					"label": "32-bits can at most have 4g ram",
					"param": "ram",
					"expr": "((callFun(\"value\", getEnumParam(\"arch\")) == getValue(\"x86\")) ? ((callFun(\"value\", getPrimParam(\"ram\", \"IntTy\")) <= 4.0)) : (true))"
				},
				{
					"label": "c1",
					"param": "keyboard",
					"expr": "((callFun(\"value\", getEnumParam(\"gpu\")) == getValue(\"gtx970\")) ? ((callFun(\"value\", getEnumParam(\"keyboard\")) == getValue(\"ltkb\"))) : (true))"
				},
				{
					"label": "c2",
					"param": null,
					"expr": "((callFun(\"value\", getEnumParam(\"cpu\")) == getValue(\"i5\")) ? (((callFun(\"value\", getEnumParam(\"gpu\")) == getValue(\"gtx970\")) || (callFun(\"value\", getEnumParam(\"gpu\")) == getValue(\"gtx980\")))) : (true))"
				},
				{
					"label": "CPU must be intel",
					"param": "cpu",
					"expr": "callFun(\"contains\", callFun(\"label\", getEnumParam(\"cpu\")), \"Intel\")"
				}
			]
		},
		{
			"label": "Displays",
			"children": [
				{
					"label": "Inner group",
					"children": [{
						"label": "Level 2 Product",
						"params": [{
							"name": "lvl2p1",
							"label": "Level 2 Param",
							"type": "BoolTy"
						}],
						"constraints": [{
							"label": "This must be true, thank you",
							"param": "lvl2p1",
							"expr": "(callFun(\"value\", getPrimParam(\"lvl2p1\", \"BoolTy\")) == true)"
						}]
					}]
				},
				{
					"label": "Monitor 1",
					"params": [{
						"name": "inches1",
						"label": "Inches",
						"type": "DoubleTy"
					}],
					"constraints": []
				},
				{
					"label": "Monitor 2",
					"params": [{
						"name": "inches2",
						"label": "Inches",
						"type": "DoubleTy"
					}],
					"constraints": []
				}
			]
		}
	]
}