{
	"types": [{
		"name": "t1",
		"label": "Type 1",
		"values": [
			{
				"name": "v1",
				"label": "Val1"
			},
			{
				"name": "v2",
				"label": "Val2"
			}
		]
	}],
	"children": [
		{
			"label": "bar",
			"params": [
				{
					"name": "baz",
					"label": "baz",
					"type": "IntTy"
				},
				{
					"name": "p2",
					"label": "Param 2",
					"type": "t1"
				},
				{
					"name": "p3",
					"label": "Param 3",
					"type": "t1"
				}
			],
			"constraints": []
		},
		{
			"label": "Product 2",
			"params": [
				{
					"name": "par1",
					"label": "Param 1",
					"type": "IntTy"
				},
				{
					"name": "par2",
					"label": "Param 2",
					"type": "t1"
				}
			],
			"constraints": []
		}
	]
}