{
	"types": [{
		"name": "t1",
		"label": "Type 1",
		"values": [
			{
				"name": "v1",
				"label": "Val1"
			},
			{
				"name": "v2",
				"label": "Val2"
			}
		]
	}],
	"children": [{
		"label": "bar",
		"params": [
			{
				"name": "baz",
				"label": "baz",
				"type": "IntTy"
			},
			{
				"name": "p2",
				"label": "Param 2",
				"type": "t1"
			}
		],
		"constraints": [
			{
				"label": "fooconstraint",
				"param": "baz",
				"expr": "!((5.0 + -10.0) > 0.0)"
			},
			{
				"label": "c1",
				"param": null,
				"expr": "(callFun(\"value\", getPrimParam(\"baz\", \"IntTy\")) == -0.0)"
			},
			{
				"label": "c2",
				"param": null,
				"expr": "((callFun(\"value\", getEnumParam(\"p2\")) == getValue(\"v1\")) == (((52.0 / 42.0) * -10.0) > -0.0))"
			},
			{
				"label": "c3",
				"param": null,
				"expr": "(5.0 > -5.0)"
			},
			{
				"label": "c4",
				"param": null,
				"expr": "((callFun(\"value\", getEnumParam(\"p2\")) == getValue(\"v2\")) ? ((false || true)) : ((3.0 == 2.0)))"
			},
			{
				"label": "c5",
				"param": null,
				"expr": "(callFun(\"contains\", callFun(\"label\", getEnumParam(\"p2\")), \"foo\") == true)"
			}
		]
	}]
}