{
	"types": [{
		"name": "t1",
		"label": "Type 1",
		"values": [
			{
				"name": "v1",
				"label": "Val1"
			},
			{
				"name": "v2",
				"label": "Val2"
			}
		]
	}],
	"children": [{
		"label": "bar",
		"params": [
			{
				"name": "baz",
				"label": "baz",
				"type": "IntTy"
			},
			{
				"name": "p2",
				"label": "Param 2",
				"type": "t1"
			}
		],
		"constraints": [
			{
				"label": "fooconstraint",
				"param": "baz",
				"expr": "!((5.0 + -10.0) > 0.0)"
			},
			{
				"label": "c3",
				"param": null,
				"expr": "((true && false) || (true && false))"
			},
			{
				"label": "c31",
				"param": null,
				"expr": "!!__prim__equals((20.0 - -20.0), 40.0)"
			},
			{
				"label": "c6",
				"param": null,
				"expr": "!(50.0 <= 50.0)"
			},
			{
				"label": "c7",
				"param": null,
				"expr": "((20.0 >= 30.0) && false)"
			},
			{
				"label": "c8",
				"param": null,
				"expr": "(!(__prim__value(__prim__IntTy_param_ref(\"baz\")) > 0.0) || __prim__equals(__prim__value(__prim__enum_param_ref(\"p2\")), __prim__value_ref(\"v2\")))"
			}
		]
	}]
}