{
	"types": [{
		"name": "t1",
		"label": "Type 1",
		"values": [
			{
				"name": "v1",
				"label": "Val1"
			},
			{
				"name": "v2",
				"label": "Val2"
			}
		]
	}],
	"children": [{
		"label": "bar",
		"params": [
			{
				"name": "baz",
				"label": "baz",
				"type": "IntTy"
			},
			{
				"name": "p2",
				"label": "Param 2",
				"type": "t1"
			}
		],
		"constraints": [
			{
				"label": "fooconstraint",
				"param": "baz",
				"expr": "!((5.0 + 10.0) > 0.0)"
			},
			{
				"label": "c1",
				"param": null,
				"expr": "__prim__equals(__prim__value(__prim__IntTy_param_ref(\"baz\")), 0.0)"
			},
			{
				"label": "c2",
				"param": null,
				"expr": "__prim__equals(__prim__equals(__prim__value(__prim__enum_param_ref(\"p2\")), __prim__value_ref(\"v1\")), (((52.0 / 42.0) * 10.0) > 0.0))"
			},
			{
				"label": "c3",
				"param": null,
				"expr": "(5.0 > 5.0)"
			},
			{
				"label": "c4",
				"param": null,
				"expr": "(__prim__equals(__prim__value(__prim__enum_param_ref(\"p2\")), __prim__value_ref(\"v1\")) ? (false) : (true))"
			},
			{
				"label": "c5",
				"param": null,
				"expr": "__prim__equals(__prim__contains(__prim__label(__prim__enum_param_ref(\"p2\")), \"foo\"), true)"
			}
		]
	}]
}