<html>
<head>
  <title>Negation</title>
  <script src="https://ajax.googleapis.com/ajax/libs/jquery/3.1.0/jquery.min.js"></script>
  <link rel="stylesheet" type="text/css" href="model.css">
</head>
<body>
  <form class="model">
    
      <div class="product" id="product-bar">
        <h2>bar</h2>
        
      <div class="param" id="baz">
        <label>baz</label>
        <input name="baz" type="number" value="0" />
      </div>
      
      <div class="param" id="p2">
        <label>Type 1</label>
        <select name="p2">
          <option value="v1">Val1</option>
          <option value="v2">Val2</option>
        </select>
      </div>
      
      </div>
      
    <div id="errors">
    </div>
    <input id="submit" type="submit" value="Submit"/>
  </form>
  <script>
    function __prim__contains(input, query) {
      return input.indexOf(query) > -1;
    }
    function __prim__label(param) {
      return param.label;
    }
    function __prim__value(param) {
      return param.val;
    }

    function __prim__value_ref(name) {
      return name;
    }
    function __prim__enum_param_ref(name) {
      var jq = $("#" + name + " select");
      var label = $("#" + name + " select option:selected").text();
      return {
        val: jq.val(),
        label: label
      };
    }

    function __prim__equals(a, b) {
      return a == b;
    }

    function __prim__IntTy_param_ref(name) {
      return __prim__prim_param_ref(name, "IntTy");
    }

    function __prim__TextTy_param_ref(name) {
      return __prim__prim_param_ref(name, "TextTy");
    }

    function __prim__DoubleTy_param_ref(name) {
      return __prim__prim_param_ref(name, "DoubleTy");
    }

    function __prim__BoolTy_param_ref(name) {
      return __prim__prim_param_ref(name, "BoolTy");
    }

    function __prim__prim_param_ref(name, primTy) {
      var jq = $("#" + name + " input");
      var val = primTy == "BoolTy" ? jq.is(":checked") : jq.val();
      return {
        val: val,
        label: jq.val()
      };
    }


    var values = {
	"v1": {
		"name": "v1",
		"label": "Val1"
	},
	"v2": {
		"name": "v2",
		"label": "Val2"
	}
};
    function setError(err, pname /*optional*/) {
      $err = $("<p>").html(err);
      if (pname !== null) {
        $("#" + pname).append($("<div>").addClass("has-error").append($err));
      } else {
        $("#errors").append($err);
      }
      $("#submit").addClass("has-errors");
      $("#submit").attr("disabled", "disabled");
    }
    function clearErrors() {
      $("#errors").empty();
      $(".has-error").remove();
      $("#submit").removeClass("has-errors");
      $("#submit").removeAttr("disabled");
    }
    
    function checkErrs(evt) {
      clearErrors();
            if (!((5.0 + -10.0) > 0.0) == false) { setError("fooconstraint", "baz") }
      if (__prim__equals(__prim__value(__prim__IntTy_param_ref("baz")), -0.0) == false) { setError("c1", null) }
      if (__prim__equals(__prim__equals(__prim__value(__prim__enum_param_ref("p2")), __prim__value_ref("v1")), (((52.0 / 42.0) * -10.0) > -0.0)) == false) { setError("c2", null) }
      if ((5.0 > -5.0) == false) { setError("c3", null) }
      if ((__prim__equals(__prim__value(__prim__enum_param_ref("p2")), __prim__value_ref("v2")) ? ((false || true)) : (__prim__equals(3.0, 2.0))) == false) { setError("c4", null) }
      if (__prim__equals(__prim__contains(__prim__label(__prim__enum_param_ref("p2")), "foo"), true) == false) { setError("c5", null) }
    }
    $(document).ready(function() {
      $("input").on("input change", checkErrs);
      $("select").on("change", checkErrs);
    })
    
  </script>
</body>
</html>
